// Jest Snapshot v1, https://goo.gl/fbAQLP

exports[`<AppDialogFolderInput> matches snapshot 1`] = `
<div
  className="app-dialog-folder-input"
  onClick={[Function]}
>
  <input
    className="form-control"
    id="1"
    name="toto"
    onChange={[Function]}
    value="tata"
  />
</div>
`;
